[    0.000000] Initializing cgroup subsys cpuset
[    0.000000] Initializing cgroup subsys cpu
[    0.000000] Initializing cgroup subsys cpuacct
[    0.000000] Linux version 4.4.0-210-generic (buildd@lgw01-amd64-009) (gcc version 5.4.0 20160609 (Ubuntu 5.4.0-6ubuntu1~16.04.12) ) #242-Ubuntu SMP Fri Apr 16 09:57:56 UTC 2021 (Ubuntu 4.4.0-210.242-generic 4.4.262)
[    0.000000] Command line: BOOT_IMAGE=/boot/vmlinuz-4.4.0-210-generic root=LABEL=cloudimg-rootfs ro console=tty1 console=ttyS0
[    0.000000] KERNEL supported cpus:
[    0.000000]   Intel GenuineIntel
[    0.000000]   AMD AuthenticAMD
[    0.000000]   Centaur CentaurHauls
[    0.000000] x86/fpu: xstate_offset[2]:  576, xstate_sizes[2]:  256
[    0.000000] x86/fpu: Supporting XSAVE feature 0x01: 'x87 floating point registers'
[    0.000000] x86/fpu: Supporting XSAVE feature 0x02: 'SSE registers'
[    0.000000] x86/fpu: Supporting XSAVE feature 0x04: 'AVX registers'
[    0.000000] x86/fpu: Enabled xstate features 0x7, context size is 832 bytes, using 'standard' format.
[    0.000000] e820: BIOS-provided physical RAM map:
[    0.000000] BIOS-e820: [mem 0x0000000000000000-0x000000000009fbff] usable
[    0.000000] BIOS-e820: [mem 0x000000000009fc00-0x000000000009ffff] reserved
[    0.000000] BIOS-e820: [mem 0x00000000000f0000-0x00000000000fffff] reserved
[    0.000000] BIOS-e820: [mem 0x0000000000100000-0x000000003ffeffff] usable
[    0.000000] BIOS-e820: [mem 0x000000003fff0000-0x000000003fffffff] ACPI data
[    0.000000] BIOS-e820: [mem 0x00000000fec00000-0x00000000fec00fff] reserved
[    0.000000] BIOS-e820: [mem 0x00000000fee00000-0x00000000fee00fff] reserved
[    0.000000] BIOS-e820: [mem 0x00000000fffc0000-0x00000000ffffffff] reserved
[    0.000000] NX (Execute Disable) protection: active
[    0.000000] SMBIOS 2.5 present.
[    0.000000] Hypervisor detected: KVM
[    0.000000] Kernel/User page tables isolation: disabled
[    0.000000] e820: last_pfn = 0x3fff0 max_arch_pfn = 0x400000000
[    0.000000] MTRR: Disabled
[    0.000000] x86/PAT: MTRRs disabled, skipping PAT initialization too.
[    0.000000] CPU MTRRs all blank - virtualized system.
[    0.000000] x86/PAT: Configuration [0-7]: WB  WT  UC- UC  WB  WT  UC- UC  
[    0.000000] found SMP MP-table at [mem 0x0009fff0-0x0009ffff] mapped at [ffff88000009fff0]
[    0.000000] Scanning 1 areas for low memory corruption
[    0.000000] RAMDISK: [mem 0x362dc000-0x37165fff]
[    0.000000] ACPI: Early table checksum verification disabled
[    0.000000] ACPI: RSDP 0x00000000000E0000 000024 (v02 VBOX  )
[    0.000000] ACPI: XSDT 0x000000003FFF0030 00003C (v01 VBOX   VBOXXSDT 00000001 ASL  00000061)
[    0.000000] ACPI: FACP 0x000000003FFF00F0 0000F4 (v04 VBOX   VBOXFACP 00000001 ASL  00000061)
[    0.000000] ACPI: DSDT 0x000000003FFF0610 002353 (v02 VBOX   VBOXBIOS 00000002 INTL 20100528)
[    0.000000] ACPI: FACS 0x000000003FFF0200 000040
[    0.000000] ACPI: FACS 0x000000003FFF0200 000040
[    0.000000] ACPI: APIC 0x000000003FFF0240 00005C (v02 VBOX   VBOXAPIC 00000001 ASL  00000061)
[    0.000000] ACPI: SSDT 0x000000003FFF02A0 00036C (v01 VBOX   VBOXCPUT 00000002 INTL 20100528)
[    0.000000] No NUMA configuration found
[    0.000000] Faking a node at [mem 0x0000000000000000-0x000000003ffeffff]
[    0.000000] NODE_DATA(0) allocated [mem 0x3ffeb000-0x3ffeffff]
[    0.000000] kvm-clock: Using msrs 4b564d01 and 4b564d00
[    0.000000] kvm-clock: cpu 0, msr 0:3ffe3001, primary cpu clock
[    0.000000] kvm-clock: using sched offset of 3814240800 cycles
[    0.000000] clocksource: kvm-clock: mask: 0xffffffffffffffff max_cycles: 0x1cd42e4dffb, max_idle_ns: 881590591483 ns
[    0.000000] Zone ranges:
[    0.000000]   DMA      [mem 0x0000000000001000-0x0000000000ffffff]
[    0.000000]   DMA32    [mem 0x0000000001000000-0x000000003ffeffff]
[    0.000000]   Normal   empty
[    0.000000]   Device   empty
[    0.000000] Movable zone start for each node
[    0.000000] Early memory node ranges
[    0.000000]   node   0: [mem 0x0000000000001000-0x000000000009efff]
[    0.000000]   node   0: [mem 0x0000000000100000-0x000000003ffeffff]
[    0.000000] Initmem setup node 0 [mem 0x0000000000001000-0x000000003ffeffff]
[    0.000000] ACPI: PM-Timer IO Port: 0x4008
[    0.000000] IOAPIC[0]: apic_id 2, version 32, address 0xfec00000, GSI 0-23
[    0.000000] ACPI: INT_SRC_OVR (bus 0 bus_irq 0 global_irq 2 dfl dfl)
[    0.000000] ACPI: INT_SRC_OVR (bus 0 bus_irq 9 global_irq 9 low level)
[    0.000000] Using ACPI (MADT) for SMP configuration information
[    0.000000] smpboot: Allowing 2 CPUs, 0 hotplug CPUs
[    0.000000] PM: Registered nosave memory: [mem 0x00000000-0x00000fff]
[    0.000000] PM: Registered nosave memory: [mem 0x0009f000-0x0009ffff]
[    0.000000] PM: Registered nosave memory: [mem 0x000a0000-0x000effff]
[    0.000000] PM: Registered nosave memory: [mem 0x000f0000-0x000fffff]
[    0.000000] e820: [mem 0x40000000-0xfebfffff] available for PCI devices
[    0.000000] Booting paravirtualized kernel on KVM
[    0.000000] clocksource: refined-jiffies: mask: 0xffffffff max_cycles: 0xffffffff, max_idle_ns: 7645519600211568 ns
[    0.000000] setup_percpu: NR_CPUS:512 nr_cpumask_bits:512 nr_cpu_ids:2 nr_node_ids:1
[    0.000000] PERCPU: Embedded 33 pages/cpu @ffff88003fc00000 s95192 r8192 d31784 u1048576
[    0.000000] Built 1 zonelists in Node order, mobility grouping on.  Total pages: 257912
[    0.000000] Policy zone: DMA32
[    0.000000] Kernel command line: BOOT_IMAGE=/boot/vmlinuz-4.4.0-210-generic root=LABEL=cloudimg-rootfs ro console=tty1 console=ttyS0
[    0.000000] PID hash table entries: 4096 (order: 3, 32768 bytes)
[    0.000000] Memory: 997792K/1048120K available (8644K kernel code, 1332K rwdata, 4044K rodata, 1492K init, 1164K bss, 50328K reserved, 0K cma-reserved)
[    0.000000] SLUB: HWalign=64, Order=0-3, MinObjects=0, CPUs=2, Nodes=1
[    0.000000] Hierarchical RCU implementation.
[    0.000000] 	Build-time adjustment of leaf fanout to 64.
[    0.000000] 	RCU restricting CPUs from NR_CPUS=512 to nr_cpu_ids=2.
[    0.000000] RCU: Adjusting geometry for rcu_fanout_leaf=64, nr_cpu_ids=2
[    0.000000] NR_IRQS:33024 nr_irqs:440 16
[    0.000000] Console: colour VGA+ 80x25
[    0.000000] console [tty1] enabled
[    0.000000] console [ttyS0] enabled
[    0.000000] tsc: Detected 2419.202 MHz processor
[    0.260836] Calibrating delay loop (skipped) preset value.. 4838.40 BogoMIPS (lpj=9676808)
[    0.263496] pid_max: default: 32768 minimum: 301
[    0.265051] ACPI: Core revision 20150930
[    0.268366] ACPI: 2 ACPI AML tables successfully acquired and loaded
[    0.270507] Security Framework initialized
[    0.271993] Yama: becoming mindful.
[    0.273348] AppArmor: AppArmor initialized
[    0.275011] Dentry cache hash table entries: 131072 (order: 8, 1048576 bytes)
[    0.277400] Inode-cache hash table entries: 65536 (order: 7, 524288 bytes)
[    0.286726] Mount-cache hash table entries: 2048 (order: 2, 16384 bytes)
[    0.289184] Mountpoint-cache hash table entries: 2048 (order: 2, 16384 bytes)
[    0.291406] Initializing cgroup subsys io
[    0.293112] Initializing cgroup subsys memory
[    0.294430] Initializing cgroup subsys devices
[    0.295834] Initializing cgroup subsys freezer
[    0.297637] Initializing cgroup subsys net_cls
[    0.299013] Initializing cgroup subsys perf_event
[    0.300861] Initializing cgroup subsys net_prio
[    0.302269] Initializing cgroup subsys hugetlb
[    0.303725] Initializing cgroup subsys pids
[    0.311296] mce: CPU supports 0 MCE banks
[    0.312339] Last level iTLB entries: 4KB 0, 2MB 0, 4MB 0
[    0.313582] Last level dTLB entries: 4KB 0, 2MB 0, 4MB 0, 1GB 0
[    0.315252] Spectre V1 : Mitigation: usercopy/swapgs barriers and __user pointer sanitization
[    0.318566] Spectre V2 : Mitigation: Full generic retpoline
[    0.320049] Spectre V2 : Spectre v2 / SpectreRSB mitigation: Filling RSB on context switch
[    0.323030] Speculative Store Bypass: Vulnerable
[    0.330631] Freeing SMP alternatives memory: 36K
[    0.344601] ftrace: allocating 32380 entries in 127 pages
[    0.491229] smpboot: APIC(0) Converting physical 0 to logical package 0
[    0.493560] smpboot: Max logical packages: 1
[    0.496388] x2apic enabled
[    0.498728] Switched APIC routing to physical x2apic.
[    0.503096] ..TIMER: vector=0x30 apic1=0 pin1=2 apic2=-1 pin2=-1
[    0.613134] smpboot: CPU0: 11th Gen Intel(R) Core(TM) i5-1135G7 @ 2.40GHz (family: 0x6, model: 0x8c, stepping: 0x1)
[    0.619061] Performance Events: unsupported p6 CPU model 140 no PMU driver, software events only.
[    0.645799] KVM setup paravirtual spinlock
[    0.649295] x86: Booting SMP configuration:
[    0.651749] .... node  #0, CPUs:      #1
[    0.654063] kvm-clock: cpu 1, msr 0:3ffe3041, secondary cpu clock
[    0.661285] mce: CPU supports 0 MCE banks
[    0.664804] x86: Booted up 1 node, 2 CPUs
[    0.666967] smpboot: Total of 2 processors activated (9676.80 BogoMIPS)
[    0.670199] devtmpfs: initialized
[    0.674178] evm: security.selinux
[    0.675632] evm: security.SMACK64
[    0.677038] evm: security.SMACK64EXEC
[    0.678701] evm: security.SMACK64TRANSMUTE
[    0.680412] evm: security.SMACK64MMAP
[    0.682151] evm: security.ima
[    0.683514] evm: security.capability
[    0.685246] clocksource: jiffies: mask: 0xffffffff max_cycles: 0xffffffff, max_idle_ns: 7645041785100000 ns
[    0.688827] futex hash table entries: 512 (order: 3, 32768 bytes)
[    0.691313] pinctrl core: initialized pinctrl subsystem
[    0.693673] RTC time:  6:23:18, date: 05/07/24
[    0.703756] NET: Registered protocol family 16
[    0.719000] cpuidle: using governor ladder
[    0.734787] cpuidle: using governor menu
[    0.737739] PCCT header not found.
[    0.739588] ACPI: bus type PCI registered
[    0.742073] acpiphp: ACPI Hot Plug PCI Controller Driver version: 0.5
[    0.745538] PCI: Using configuration type 1 for base access
[    0.764084] ACPI: Added _OSI(Module Device)
[    0.766406] ACPI: Added _OSI(Processor Device)
[    0.768730] ACPI: Added _OSI(3.0 _SCP Extensions)
[    0.771246] ACPI: Added _OSI(Processor Aggregator Device)
[    0.775810] ACPI: Executed 1 blocks of module-level executable AML code
[    0.785687] ACPI: Interpreter enabled
[    0.788478] ACPI: (supports S0 S5)
[    0.790543] ACPI: Using IOAPIC for interrupt routing
[    0.793845] PCI: Using host bridge windows from ACPI; if necessary, use "pci=nocrs" and report a bug
[    0.806800] ACPI: PCI Root Bridge [PCI0] (domain 0000 [bus 00-ff])
[    0.809581] acpi PNP0A03:00: _OSC: OS supports [ASPM ClockPM Segments MSI]
[    0.813420] acpi PNP0A03:00: _OSC: not requesting OS control; OS requires [ExtendedConfig ASPM ClockPM MSI]
[    0.818303] acpi PNP0A03:00: fail to add MMCONFIG information, can't access extended PCI configuration space under this bridge.
[    0.822998] PCI host bridge to bus 0000:00
[    0.824615] pci_bus 0000:00: root bus resource [io  0x0000-0x0cf7 window]
[    0.827053] pci_bus 0000:00: root bus resource [io  0x0d00-0xffff window]
[    0.829425] pci_bus 0000:00: root bus resource [mem 0x000a0000-0x000bffff window]
[    0.832290] pci_bus 0000:00: root bus resource [mem 0x40000000-0xfdffffff window]
[    0.835467] pci_bus 0000:00: root bus resource [bus 00-ff]
[    0.841097] pci 0000:00:01.1: legacy IDE quirk: reg 0x10: [io  0x01f0-0x01f7]
[    0.843541] pci 0000:00:01.1: legacy IDE quirk: reg 0x14: [io  0x03f6]
[    0.845861] pci 0000:00:01.1: legacy IDE quirk: reg 0x18: [io  0x0170-0x0177]
[    0.848251] pci 0000:00:01.1: legacy IDE quirk: reg 0x1c: [io  0x0376]
[    0.872254] pci 0000:00:07.0: quirk: [io  0x4000-0x403f] claimed by PIIX4 ACPI
[    0.893727] pci 0000:00:07.0: quirk: [io  0x4100-0x410f] claimed by PIIX4 SMB
[    0.904184] ACPI: PCI Interrupt Link [LNKA] (IRQs 5 9 10 *11)
[    0.906985] ACPI: PCI Interrupt Link [LNKB] (IRQs 5 9 *10 11)
[    0.909470] ACPI: PCI Interrupt Link [LNKC] (IRQs 5 *9 10 11)
[    0.911799] ACPI: PCI Interrupt Link [LNKD] (IRQs 5 9 10 *11)
[    0.914328] ACPI: Enabled 2 GPEs in block 00 to 07
[    0.916370] vgaarb: setting as boot device: PCI:0000:00:02.0
[    0.918010] vgaarb: device added: PCI:0000:00:02.0,decodes=io+mem,owns=io+mem,locks=none
[    0.920411] vgaarb: loaded
[    0.921656] vgaarb: bridge control possible 0000:00:02.0
[    0.924030] SCSI subsystem initialized
[    0.925636] ACPI: bus type USB registered
[    0.926917] usbcore: registered new interface driver usbfs
[    0.928954] usbcore: registered new interface driver hub
[    0.930557] usbcore: registered new device driver usb
[    0.932669] PCI: Using ACPI for IRQ routing
[    0.934592] NetLabel: Initializing
[    0.935798] NetLabel:  domain hash size = 128
[    0.937326] NetLabel:  protocols = UNLABELED CIPSOv4
[    0.939000] NetLabel:  unlabeled traffic allowed by default
[    0.941046] amd_nb: Cannot enumerate AMD northbridges
[    0.942690] clocksource: Switched to clocksource kvm-clock
[    0.969017] AppArmor: AppArmor Filesystem Enabled
[    0.970496] pnp: PnP ACPI init
[    0.973217] pnp: PnP ACPI: found 3 devices
[    0.987195] clocksource: acpi_pm: mask: 0xffffff max_cycles: 0xffffff, max_idle_ns: 2085701024 ns
[    0.990456] NET: Registered protocol family 2
[    0.992249] TCP established hash table entries: 8192 (order: 4, 65536 bytes)
[    0.994277] TCP bind hash table entries: 8192 (order: 5, 131072 bytes)
[    0.996302] TCP: Hash tables configured (established 8192 bind 8192)
[    0.998281] UDP hash table entries: 512 (order: 2, 16384 bytes)
[    0.999970] UDP-Lite hash table entries: 512 (order: 2, 16384 bytes)
[    1.001734] NET: Registered protocol family 1
[    1.003187] pci 0000:00:00.0: Limiting direct PCI/PCI transfers
[    1.004883] pci 0000:00:01.0: Activating ISA DMA hang workarounds
[    1.013794] Unpacking initramfs...
[    1.595096] Freeing initrd memory: 14888K
[    1.596465] clocksource: tsc: mask: 0xffffffffffffffff max_cycles: 0x22df12c5959, max_idle_ns: 440795242016 ns
[    1.599638] platform rtc_cmos: registered platform RTC device (no PNP device found)
[    1.604157] Scanning for low memory corruption every 60 seconds
[    1.609668] audit: initializing netlink subsys (disabled)
[    1.613240] audit: type=2000 audit(1715063004.818:1): initialized
[    1.616050] Initialise system trusted keyring
[    1.618080] HugeTLB registered 2 MB page size, pre-allocated 0 pages
[    1.622955] zbud: loaded
[    1.625149] VFS: Disk quotas dquot_6.6.0
[    1.627564] VFS: Dquot-cache hash table entries: 512 (order 0, 4096 bytes)
[    1.631752] squashfs: version 4.0 (2009/01/31) Phillip Lougher
[    1.635781] fuse init (API version 7.23)
[    1.638419] Key type big_key registered
[    1.640872] Allocating IMA MOK and blacklist keyrings.
[    1.651990] Key type asymmetric registered
[    1.653711] Asymmetric key parser 'x509' registered
[    1.655740] Block layer SCSI generic (bsg) driver version 0.4 loaded (major 249)
[    1.659076] io scheduler noop registered
[    1.660798] io scheduler deadline registered (default)
[    1.664758] io scheduler cfq registered
[    1.666724] pci_hotplug: PCI Hot Plug PCI Core version: 0.5
[    1.669963] pciehp: PCI Express Hot Plug Controller Driver version: 0.4
[    1.672625] ACPI: AC Adapter [AC] (off-line)
[    1.674420] input: Power Button as /devices/LNXSYSTM:00/LNXPWRBN:00/input/input0
[    1.677388] ACPI: Power Button [PWRF]
[    1.679246] input: Sleep Button as /devices/LNXSYSTM:00/LNXSLPBN:00/input/input1
[    1.682205] ACPI: Sleep Button [SLPF]
[    1.685526] GHES: HEST is not enabled!
[    1.688742] ACPI: Battery Slot [BAT0] (battery present)
[    1.690694] Serial: 8250/16550 driver, 32 ports, IRQ sharing enabled
[    1.714239] 00:02: ttyS0 at I/O 0x3f8 (irq = 4, base_baud = 115200) is a 16550A
[    1.720328] Linux agpgart interface v0.103
[    1.727098] loop: module loaded
[    1.729915] scsi host0: ata_piix
[    1.731857] scsi host1: ata_piix
[    1.733400] ata1: PATA max UDMA/33 cmd 0x1f0 ctl 0x3f6 bmdma 0xd000 irq 14
[    1.735904] ata2: PATA max UDMA/33 cmd 0x170 ctl 0x376 bmdma 0xd008 irq 15
[    1.738983] libphy: Fixed MDIO Bus: probed
[    1.740631] tun: Universal TUN/TAP device driver, 1.6
[    1.742577] tun: (C) 1999-2004 Max Krasnyansky <maxk@qualcomm.com>
[    1.744940] PPP generic driver version 2.4.2
[    1.746709] ehci_hcd: USB 2.0 'Enhanced' Host Controller (EHCI) Driver
[    1.749123] ehci-pci: EHCI PCI platform driver
[    1.750954] ehci-platform: EHCI generic platform driver
[    1.752951] ohci_hcd: USB 1.1 'Open' Host Controller (OHCI) Driver
[    1.755221] ohci-pci: OHCI PCI platform driver
[    1.757239] ohci-platform: OHCI generic platform driver
[    1.758929] uhci_hcd: USB Universal Host Controller Interface driver
[    1.760754] i8042: PNP: PS/2 Controller [PNP0303:PS2K,PNP0f03:PS2M] at 0x60,0x64 irq 1,12
[    1.764355] serio: i8042 KBD port at 0x60,0x64 irq 1
[    1.765927] serio: i8042 AUX port at 0x60,0x64 irq 12
[    1.767958] mousedev: PS/2 mouse device common for all mice
[    1.770817] input: AT Translated Set 2 keyboard as /devices/platform/i8042/serio0/input/input2
[    1.773887] rtc_cmos rtc_cmos: rtc core: registered rtc_cmos as rtc0
[    1.776250] rtc_cmos rtc_cmos: alarms up to one day, 114 bytes nvram
[    1.781281] i2c /dev entries driver
[    1.783069] device-mapper: uevent: version 1.0.3
[    1.784927] device-mapper: ioctl: 4.34.0-ioctl (2015-10-28) initialised: dm-devel@redhat.com
[    1.788257] ledtrig-cpu: registered to indicate activity on CPUs
[    1.791368] NET: Registered protocol family 10
[    1.793353] NET: Registered protocol family 17
[    1.794715] Key type dns_resolver registered
[    1.796898] registered taskstats version 1
[    1.798326] Loading compiled-in X.509 certificates
[    1.801331] Loaded X.509 cert 'Build time autogenerated kernel key: cf00e047681d67edb2720680708b7d9498083038'
[    1.804555] zswap: loaded using pool lzo/zbud
[    1.809584] Key type trusted registered
[    1.816828] Key type encrypted registered
[    1.818276] AppArmor: AppArmor sha1 policy hashing enabled
[    1.819913] ima: No TPM chip found, activating TPM-bypass!
[    1.821475] ima: Allocated hash algorithm: sha1
[    1.823079] evm: HMAC attrs: 0x1
[    1.826015]   Magic number: 8:974:366
[    1.828279] rtc_cmos rtc_cmos: setting system clock to 2024-05-07 06:23:19 UTC (1715062999)
[    1.832934] BIOS EDD facility v0.16 2004-Jun-25, 0 devices found
[    1.836022] EDD information not available.
[    1.923767] Freeing unused kernel memory: 1492K
[    1.928325] Write protecting the kernel read-only data: 14336k
[    1.933364] Freeing unused kernel memory: 1584K
[    1.936197] Freeing unused kernel memory: 52K
Loading, please wait...
starting version 229
[    1.960706] random: systemd-udevd: uninitialized urandom read (16 bytes read, 5 bits of entropy available)
[    1.962488] random: udevadm: uninitialized urandom read (16 bytes read, 5 bits of entropy available)
[    1.962531] random: udevadm: uninitialized urandom read (16 bytes read, 5 bits of entropy available)
[    1.980882] random: systemd-udevd: uninitialized urandom read (16 bytes read, 5 bits of entropy available)
[    1.982897] random: udevadm: uninitialized urandom read (16 bytes read, 5 bits of entropy available)
[    1.983007] random: udevadm: uninitialized urandom read (16 bytes read, 5 bits of entropy available)
[    1.983370] random: udevadm: uninitialized urandom read (16 bytes read, 5 bits of entropy available)
[    1.983494] random: udevadm: uninitialized urandom read (16 bytes read, 5 bits of entropy available)
[    1.983614] random: udevadm: uninitialized urandom read (16 bytes read, 5 bits of entropy available)
[    1.983733] random: udevadm: uninitialized urandom read (16 bytes read, 5 bits of entropy available)
[    2.076495] Fusion MPT base driver 3.04.20
[    2.079243] Copyright (c) 1999-2008 LSI Corporation
[    2.084327] e1000: Intel(R) PRO/1000 Network Driver - version 7.3.21-k8-NAPI
[    2.088250] e1000: Copyright (c) 1999-2006 Intel Corporation.
[    2.148674] AVX2 version of gcm_enc/dec engaged.
[    2.151950] AES CTR mode by8 optimization enabled
[    2.181819] Fusion MPT SPI Host driver 3.04.20
[    2.313182] input: ImExPS/2 Generic Explorer Mouse as /devices/platform/i8042/serio1/input/input4
[    2.630790] e1000 0000:00:03.0 eth0: (PCI:33MHz:32-bit) 02:be:82:6b:cc:1d
[    2.633914] e1000 0000:00:03.0 eth0: Intel(R) PRO/1000 Network Connection
[    2.638224] mptbase: ioc0: Initiating bringup
[    2.639492] e1000 0000:00:03.0 enp0s3: renamed from eth0
[    3.196623] ioc0: LSI53C1030 A0: Capabilities={Initiator}
[    5.568173] scsi host2: ioc0: LSI53C1030 A0, FwRev=00000000h, Ports=1, MaxQ=256, IRQ=20
[    6.604296] scsi 2:0:0:0: Direct-Access     VBOX     HARDDISK         1.0  PQ: 0 ANSI: 5
[    6.609411] scsi target2:0:0: Beginning Domain Validation
[    6.613945] scsi target2:0:0: Domain Validation skipping write tests
[    6.617061] scsi target2:0:0: Ending Domain Validation
[    6.619602] scsi target2:0:0: asynchronous
[    6.622171] scsi 2:0:1:0: Direct-Access     VBOX     HARDDISK         1.0  PQ: 0 ANSI: 5
[    6.625178] scsi target2:0:1: Beginning Domain Validation
[    6.628201] scsi target2:0:1: Domain Validation skipping write tests
[    6.629920] scsi target2:0:1: Ending Domain Validation
[    6.631482] scsi target2:0:1: asynchronous
[    6.640892] sd 2:0:0:0: [sda] 83886080 512-byte logical blocks: (42.9 GB/40.0 GiB)
[    6.662104] sd 2:0:0:0: Attached scsi generic sg0 type 0
[    6.664931] sd 2:0:1:0: [sdb] 20480 512-byte logical blocks: (10.5 MB/10.0 MiB)
[    6.667309] sd 2:0:1:0: Attached scsi generic sg1 type 0
[    6.669292] sd 2:0:0:0: [sda] Write Protect is off
[    6.671468] sd 2:0:1:0: [sdb] Write Protect is off
[    6.673049] sd 2:0:0:0: [sda] Incomplete mode parameter data
[    6.675133] sd 2:0:0:0: [sda] Assuming drive cache: write through
[    6.676831] sd 2:0:1:0: [sdb] Incomplete mode parameter data
[    6.678437] sd 2:0:1:0: [sdb] Assuming drive cache: write through
[    6.684202]  sda: sda1
[    6.687148] sd 2:0:0:0: [sda] Attached SCSI disk
[    6.690404] sd 2:0:1:0: [sdb] Attached SCSI disk
Begin: Loading essential drivers ... [    8.372568] md: linear personality registered for level -1
[    8.379405] md: multipath personality registered for level -4
[    8.385807] md: raid0 personality registered for level 0
[    8.394973] md: raid1 personality registered for level 1
[    8.471145] raid6: sse2x1   gen()  4941 MB/s
[    8.539408] raid6: sse2x1   xor()  3518 MB/s
[    8.607391] raid6: sse2x2   gen()  7763 MB/s
[    8.675428] raid6: sse2x2   xor()  5502 MB/s
[    8.743482] raid6: sse2x4   gen()  7621 MB/s
[    8.811231] raid6: sse2x4   xor()  4874 MB/s
[    8.878986] raid6: avx2x1   gen()  9593 MB/s
[    8.947098] raid6: avx2x2   gen() 12378 MB/s
[    9.015405] raid6: avx2x4   gen() 12653 MB/s
[    9.016807] raid6: using algorithm avx2x4 gen() 12653 MB/s
[    9.018645] raid6: using avx2x2 recovery algorithm
[    9.022652] xor: automatically using best checksumming function:
[    9.062979]    avx       : 17643.000 MB/sec
[    9.066544] async_tx: api initialized (async)
[    9.084277] md: raid6 personality registered for level 6
[    9.086592] md: raid5 personality registered for level 5
[    9.088154] md: raid4 personality registered for level 4
[    9.100939] md: raid10 personality registered for level 10
done.
Begin: Running /scripts/init-premount ... done.
Begin: Mounting root file system ... Begin: Running /scripts/local-top ... done.
Begin: Running /scripts/local-premount ... [    9.172591] Btrfs loaded
Scanning for Btrfs filesystems
done.
Warning: fsck not present, so skipping root file system
[    9.217970] EXT4-fs (sda1): INFO: recovery required on readonly filesystem
[    9.220970] EXT4-fs (sda1): write access will be enabled during recovery
[    9.256304] EXT4-fs (sda1): orphan cleanup on readonly fs
[    9.261580] EXT4-fs (sda1): 5 orphan inodes deleted
[    9.263511] EXT4-fs (sda1): recovery complete
[    9.266261] EXT4-fs (sda1): mounted filesystem with ordered data mode. Opts: (null)
done.
Begin: Running /scripts/local-bottom ... done.
Begin: Running /scripts/init-bottom ... done.
[    9.439754] systemd[1]: systemd 229 running in system mode. (+PAM +AUDIT +SELINUX +IMA +APPARMOR +SMACK +SYSVINIT +UTMP +LIBCRYPTSETUP +GCRYPT +GNUTLS +ACL +XZ -LZ4 +SECCOMP +BLKID +ELFUTILS +KMOD -IDN)
[    9.448715] systemd[1]: Detected virtualization oracle.
[    9.452075] systemd[1]: Detected architecture x86-64.

Welcome to [1mUbuntu 16.04.7 LTS[0m!

[    9.464020] systemd[1]: Set hostname to <ubuntu-xenial>.
[    9.705387] systemd[1]: Listening on LVM2 metadata daemon socket.
[[0;32m  OK  [0m] Listening on LVM2 metadata daemon socket.
[    9.709740] systemd[1]: Created slice System Slice.
[[0;32m  OK  [0m] Created slice System Slice.
[    9.712947] systemd[1]: Set up automount Arbitrary Executable File Formats File System Automount Point.
[[0;32m  OK  [0m] Set up automount Arbitrary Executab...ats File System Automount Point.
[    9.717623] systemd[1]: Listening on /dev/initctl Compatibility Named Pipe.
[[0;32m  OK  [0m] Listening on /dev/initctl Compatibility Named Pipe.
[    9.721020] systemd[1]: Reached target Swap.
[[0;32m  OK  [0m] Reached target Swap.
[    9.723951] systemd[1]: Listening on Device-mapper event daemon FIFOs.
[[0;32m  OK  [0m] Listening on Device-mapper event daemon FIFOs.
[   10.149464] systemd[1]: Listening on udev Control Socket.
[[0;32m  OK  [0m] Listening on udev Control Socket.
[   10.177739] systemd[1]: Created slice system-serial\x2dgetty.slice.
[[0;32m  OK  [0m] Created slice system-serial\x2dgetty.slice.
[   10.182829] systemd[1]: Listening on Syslog Socket.
[[0;32m  OK  [0m] Listening on Syslog Socket.
[   10.186781] systemd[1]: Listening on Journal Socket.
[[0;32m  OK  [0m] Listening on Journal Socket.
[   10.580198] systemd[1]: Starting Nameserver information manager...
         Starting Nameserver information manager...
[   10.589076] systemd[1]: Starting Set console keymap...
         Starting Set console keymap...
[   10.595653] systemd[1]: Starting Uncomplicated firewall...
         Starting Uncomplicated firewall...
[   10.602141] systemd[1]: Starting Create list of required static device nodes for the current kernel...
         Starting Create list of required st... nodes for the current kernel...
[   10.621798] systemd[1]: Starting Load Kernel Modules...
         Starting Load Kernel Modules...
[   10.627723] systemd[1]: Mounting Huge Pages File System...
         Mounting Huge Pages File System...
[   10.631303] systemd[1]: Created slice User and Session Slice.
[[0;32m  OK  [0m] Created slice User and Session Slice.
[   10.635105] systemd[1]: Reached target Slices.
[[0;32m  OK  [0m] Reached target Slices.
[   10.638345] systemd[1]: Listening on fsck to fsckd communication Socket.
[[0;32m  OK  [0m] Listening on fsck to fsckd communication Socket.
[   10.643479] Loading iSCSI transport class v2.0-870.
[   10.647555] systemd[1]: Started Forward Password Requests to Wall Directory Watch.
[[0;32m  OK  [0m] Started Forward Password Requests to Wall Directory Watch.
[   10.655416] systemd[1]: Reached target System Time Synchronized.
[[0;32m  OK  [0m] Reached target System Time Synchronized.
[   10.663265] systemd[1]: Listening on Journal Audit Socket.
[[0;32m  OK  [0m] Listening on Journal Audit Socket.
[   10.667089] systemd[1]: Listening on udev Kernel Socket.
[[0;32m  OK  [0m] Listening on udev Kernel Socket.
[   10.672216] iscsi: registered transport (tcp)
[   10.694967] systemd[1]: Mounting POSIX Message Queue File System...
         Mounting POSIX Message Queue File System...
[   10.702114] systemd[1]: Starting File System Check on Root Device...
         Starting File System Check on Root Device...
[   10.706873] random: nonblocking pool is initialized
[   10.710192] systemd[1]: Listening on LVM2 poll daemon socket.
[[0;32m  OK  [0m] Listening on LVM2 poll daemon socket.
[   10.720910] systemd[1]: Mounting Debug File System...
         Mounting Debug File System...
[   10.731011] systemd[1]: Listening on Journal Socket (/dev/log).
[   10.733903] iscsi: registered transport (iser)
[[0;32m  OK  [0m] Listening on Journal Socket (/dev/log).
[   10.740634] systemd[1]: Reached target Encrypted Volumes.
[[0;32m  OK  [0m] Reached target Encrypted Volumes.
[   10.754873] systemd[1]: Starting Monitoring of LVM2 mirrors, snapshots etc. using dmeventd or progress polling...
         Starting Monitoring of LVM2 mirrors... dmeventd or progress polling...
[   10.766843] systemd[1]: Started Trigger resolvconf update for networkd DNS.
[[0;32m  OK  [0m] Started Trigger resolvconf update for networkd DNS.
[   10.783202] systemd[1]: Starting Journal Service...
         Starting Journal Service...
[   10.786017] systemd[1]: Reached target User and Group Name Lookups.
[[0;32m  OK  [0m] Reached target User and Group Name Lookups.
[   10.793051] systemd[1]: Mounted Huge Pages File System.
[[0;32m  OK  [0m] Mounted Huge Pages File System.
[   10.796804] systemd[1]: Mounted POSIX Message Queue File System.
[[0;32m  OK  [0m] Mounted POSIX Message Queue File System.
[   10.803356] systemd[1]: Mounted Debug File System.
[[0;32m  OK  [0m] Mounted Debug File System.
[   10.824622] systemd[1]: Started Set console keymap.
[[0;32m  OK  [0m] Started Set console keymap.
[   10.829154] systemd[1]: Started Uncomplicated firewall.
[[0;32m  OK  [0m] Started Uncomplicated firewall.
[   10.840917] systemd[1]: Started Create list of required static device nodes for the current kernel.
[[0;32m  OK  [0m] Started Create list of required sta...ce nodes for the current kernel.
[   10.847905] systemd[1]: Started Load Kernel Modules.
[[0;32m  OK  [0m] Started Load Kernel Modules.
[   10.861255] systemd[1]: Started File System Check on Root Device.
[[0;32m  OK  [0m] Started File System Check on Root Device.
[   10.887739] systemd[1]: Started Nameserver information manager.
[[0;32m  OK  [0m] Started Nameserver information manager.
[   10.897682] systemd[1]: Started Journal Service.
[[0;32m  OK  [0m] Started Journal Service.
[[0;32m  OK  [0m] Started LVM2 metadata daemon.
[[0;32m  OK  [0m] Started File System Check Daemon to report status.
         Starting Remount Root and Kernel File Systems...
         Mounting FUSE Control File System...
         Starting Apply Kernel Variables...
[   10.937170] EXT4-fs (sda1): re-mounted. Opts: (null)
         Starting Create Static Device Nodes in /dev...
[[0;32m  OK  [0m] Mounted FUSE Control File System.
[[0;32m  OK  [0m] Started Remount Root and Kernel File Systems.
[[0;32m  OK  [0m] Started Apply Kernel Variables.
         Starting Flush Journal to Persistent Storage...
         Starting Load/Save Random Seed...
         Starting udev Coldplug all Devices...
[[0;32m  OK  [0m] Started Load/Save Random Seed.
[[0;32m  OK  [0m] Started Create Static Device Nodes in /dev.
[[0;32m  OK  [0m] Started Flush Journal to Persistent Storage.
         Starting udev Kernel Device Manager...
[[0;32m  OK  [0m] Started udev Kernel Device Manager.
[[0;32m  OK  [0m] Started udev Coldplug all Devices.
[[0;32m  OK  [0m] Started Dispatch Password Requests to Console Directory Watch.
[[0;32m  OK  [0m] Started Monitoring of LVM2 mirrors,...ng dmeventd or progress polling.
[[0;32m  OK  [0m] Reached target Local File Systems (Pre).
[[0;32m  OK  [0m] Reached target Local File Systems.
         Starting Create Volatile Files and Directories...
         Starting Tell Plymouth To Write Out Runtime Data...
         Starting LSB: AppArmor initialization...
         Starting Initial cloud-init job (pre-networking)...
         Starting Set console font and keymap...
[[0;32m  OK  [0m] Started Tell Plymouth To Write Out Runtime Data.
[[0;32m  OK  [0m] Started Create Volatile Files and Directories.
         Starting Update UTMP about System Boot/Shutdown...
[[0;32m  OK  [0m] Started Update UTMP about System Boot/Shutdown.
[[0;32m  OK  [0m] Found device /dev/ttyS0.
[[0;32m  OK  [0m] Listening on Load/Save RF Kill Switch Status /dev/rfkill Watch.
[[0;32m  OK  [0m] Started LSB: AppArmor initialization.
         Starting Load AppArmor profiles managed internally by snapd...
[[0;32m  OK  [0m] Started Load AppArmor profiles managed internally by snapd.
[[0;32m  OK  [0m] Found device 82540EM Gigabit Ethern...r (PRO/1000 MT Desktop Adapter).
[   12.898066] cloud-init[500]: Cloud-init v. 21.1-19-gbad84ad4-0ubuntu1~16.04.2 running 'init-local' at Tue, 07 May 2024 06:23:30 +0000. Up 12.34 seconds.
[[0;32m  OK  [0m] Started Initial cloud-init job (pre-networking).
[[0;32m  OK  [0m] Reached target Network (Pre).
         Starting Raise network interfaces...
[[0;32m  OK  [0m] Started ifup for enp0s3.
[[0;32m  OK  [0m] Started Set console font and keymap.
[[0;32m  OK  [0m] Created slice system-getty.slice.
[[0;32m  OK  [0m] Started Raise network interfaces.
[[0;32m  OK  [0m] Reached target Network.
         Starting Initial cloud-init job (metadata service crawler)...
[   14.383232] cloud-init[982]: Cloud-init v. 21.1-19-gbad84ad4-0ubuntu1~16.04.2 running 'init' at Tue, 07 May 2024 06:23:32 +0000. Up 14.00 seconds.
[   14.386252] cloud-init[982]: ci-info: ++++++++++++++++++++++++++++++++++++++Net device info++++++++++++++++++++++++++++++++++++++
[   14.388609] cloud-init[982]: ci-info: +--------+------+----------------------------+---------------+--------+-------------------+
[   14.396600] cloud-init[982]: ci-info: | Device |  Up  |          Address           |      Mask     | Scope  |     Hw-Address    |
[   14.400344] cloud-init[982]: ci-info: +--------+------+----------------------------+---------------+--------+-------------------+
[   14.402643] cloud-init[982]: ci-info: | enp0s3 | True |         10.0.2.15          | 255.255.255.0 | global | 02:be:82:6b:cc:1d |
[   14.404858] cloud-init[982]: ci-info: | enp0s3 | True | fe80::be:82ff:fe6b:cc1d/64 |       .       |  link  | 02:be:82:6b:cc:1d |
[   14.407290] cloud-init[982]: ci-info: |   lo   | True |         127.0.0.1          |   255.0.0.0   |  host  |         .         |
[   14.409538] cloud-init[982]: ci-info: |   lo   | True |          ::1/128           |       .       |  host  |         .         |
[   14.411768] cloud-init[982]: ci-info: +--------+------+----------------------------+---------------+--------+-------------------+
[   14.413914] cloud-init[982]: ci-info: +++++++++++++++++++++++++++Route IPv4 info++++++++++++++++++++++++++++
[   14.420635] cloud-init[982]: ci-info: +-------+-------------+----------+---------------+-----------+-------+
[   14.428580] cloud-init[982]: ci-info: | Route | Destination | Gateway  |    Genmask    | Interface | Flags |
[   14.430930] cloud-init[982]: ci-info: +-------+-------------+----------+---------------+-----------+-------+
[   14.441246] cloud-init[982]: ci-info: |   0   |   0.0.0.0   | 10.0.2.2 |    0.0.0.0    |   enp0s3  |   UG  |
[   14.448665] cloud-init[982]: ci-info: |   1   |   10.0.2.0  | 0.0.0.0  | 255.255.255.0 |   enp0s3  |   U   |
[   14.450866] cloud-init[982]: ci-info: +-------+-------------+----------+---------------+-----------+-------+
[   14.452854] cloud-init[982]: ci-info: +++++++++++++++++++Route IPv6 info+++++++++++++++++++
[   14.454820] cloud-init[982]: ci-info: +-------+-------------+---------+-----------+-------+
[   14.456788] cloud-init[982]: ci-info: | Route | Destination | Gateway | Interface | Flags |
[   14.458741] cloud-init[982]: ci-info: +-------+-------------+---------+-----------+-------+
[   14.468619] cloud-init[982]: ci-info: |   0   |  fe80::/64  |    ::   |   enp0s3  |   U   |
[   14.470786] cloud-init[982]: ci-info: |   3   |   ff00::/8  |    ::   |   enp0s3  |   U   |
[   14.480765] cloud-init[982]: ci-info: +-------+-------------+---------+-----------+-------+
[[0;32m  OK  [0m] Started Initial cloud-init job (metadata service crawler).
[[0;32m  OK  [0m] Reached target Cloud-config availability.
[[0;32m  OK  [0m] Reached target Network is Online.
         Starting iSCSI initiator daemon (iscsid)...
[[0;32m  OK  [0m] Reached target System Initialization.
[[0;32m  OK  [0m] Started Daily apt download activities.
[[0;32m  OK  [0m] Started Ubuntu Advantage update messaging.
[[0;32m  OK  [0m] Listening on UUID daemon activation socket.
         Starting LXD - unix socket.
[[0;32m  OK  [0m] Started ACPI Events Check.
[[0;32m  OK  [0m] Reached target Paths.
[[0;32m  OK  [0m] Listening on D-Bus System Message Bus Socket.
[[0;32m  OK  [0m] Started Message of the Day.
[[0;32m  OK  [0m] Started Daily apt upgrade and clean activities.
[[0;32m  OK  [0m] Listening on ACPID Listen Socket.
         Starting Socket activation for snappy daemon.
[[0;32m  OK  [0m] Started Daily Cleanup of Temporary Directories.
[[0;32m  OK  [0m] Reached target Timers.
[[0;32m  OK  [0m] Listening on LXD - unix socket.
[[0;32m  OK  [0m] Listening on Socket activation for snappy daemon.
[[0;32m  OK  [0m] Reached target Sockets.
[[0;32m  OK  [0m] Reached target Basic System.
         Starting Login Service...
         Starting LSB: MD monitoring daemon...
         Starting Virtualbox guest utils...
[[0;32m  OK  [0m] Started Deferred execution scheduler.
         Starting MySQL Community Server...
         Starting LSB: Record successful boot for GRUB...
         Starting /etc/rc.local Compatibility...
         Starting Message of the Day...
         Starting System Logging Service...
[[0;32m  OK  [0m] Started D-Bus System Message Bus.
         Starting Accounts Service...
[[0;32m  OK  [0m] Started FUSE filesystem for LXC.
[[0;32m  OK  [0m] Started ACPI event daemon.
         Starting OpenBSD Secure Shell server...
         Starting Ubuntu Advantage APT and MOTD Messages...
[[0;32m  OK  [0m] Started Regular background program processing daemon.
         Starting Snap Daemon...
         Starting LXD - container startup/shutdown...
[[0;32m  OK  [0m] Started System Logging Service.
[[0;32m  OK  [0m] Started iSCSI initiator daemon (iscsid).
[[0;32m  OK  [0m] Started /etc/rc.local Compatibility.
[[0;32m  OK  [0m] Started Message of the Day.
         Starting Login to default iSCSI targets...
[[0;32m  OK  [0m] Started Login Service.
[[0;32m  OK  [0m] Started Unattended Upgrades Shutdown.
[[0;32m  OK  [0m] Started OpenBSD Secure Shell server.
         Starting Authenticate and Authorize Users to Run Privileged Tasks...
[[0;32m  OK  [0m] Started LSB: MD monitoring daemon.
[[0;32m  OK  [0m] Started Login to default iSCSI targets.
[[0;32m  OK  [0m] Reached target Remote File Systems (Pre).
         Mounting /vagrant...
[[0;32m  OK  [0m] Started LSB: Record successful boot for GRUB.
[[0;1;31mFAILED[0m] Failed to mount /vagrant.
See 'systemctl status vagrant.mount' for details.
[[0;1;33mDEPEND[0m] Dependency failed for Remote File Systems.
[[0;32m  OK  [0m] Started LXD - container startup/shutdown.
[[0;32m  OK  [0m] Started Authenticate and Authorize Users to Run Privileged Tasks.
         Starting Permit User Sessions...
         Starting LSB: Set the CPU Frequency Scaling governor to "ondemand"...
         Starting LSB: daemon to balance interrupts for SMP systems...
         Starting LSB: automatic crash report generation...
[[0;32m  OK  [0m] Started Permit User Sessions.
[[0;32m  OK  [0m] Started Accounts Service.
         Starting Terminate Plymouth Boot Screen...
         Starting Hold until boot process finishes up...
[[0;32m  OK  [0m] Started Terminate Plymouth Boot Screen.
[[0;32m  OK  [0m] Started Hold until boot process finishes up.
         Starting Set console scheme...
[[0;32m  OK  [0m] Started Serial Getty on ttyS0.
[[0;32m  OK  [0m] Started Getty on tty1.
[[0;32m  OK  [0m] Reached target Login Prompts.
[[0;32m  OK  [0m] Started Set console scheme.
[[0;32m  OK  [0m] Started LSB: Set the CPU Frequency Scaling governor to "ondemand".
[[0;32m  OK  [0m] Started LSB: automatic crash report generation.
[[0;32m  OK  [0m] Started Virtualbox guest utils.
[[0;32m  OK  [0m] Started LSB: daemon to balance interrupts for SMP systems.
[[0;32m  OK  [0m] Started Snap Daemon.
         Starting Wait until snapd is fully seeded...
[[0;32m  OK  [0m] Started Wait until snapd is fully seeded.
         Starting Apply the settings specified in cloud-config...
[[0;32m  OK  [0m] Started Ubuntu Advantage APT and MOTD Messages.
[[0;32m  OK  [0m] Started MySQL Community Server.
[[0;32m  OK  [0m] Reached target Multi-User System.
[[0;32m  OK  [0m] Reached target Graphical Interface.
         Starting Update UTMP about System Runlevel Changes...
[[0;32m  OK  [0m] Started Update UTMP about System Runlevel Changes.
[   17.253454] cloud-init[1265]: Cloud-init v. 21.1-19-gbad84ad4-0ubuntu1~16.04.2 running 'modules:config' at Tue, 07 May 2024 06:23:35 +0000. Up 17.05 seconds.
[[0;32m  OK  [0m] Started Apply the settings specified in cloud-config.
         Starting Execute cloud user/final scripts...
[   18.115235] cloud-init[1316]: Cloud-init v. 21.1-19-gbad84ad4-0ubuntu1~16.04.2 running 'modules:final' at Tue, 07 May 2024 06:23:35 +0000. Up 17.93 seconds.
[   18.118215] cloud-init[1316]: Cloud-init v. 21.1-19-gbad84ad4-0ubuntu1~16.04.2 finished at Tue, 07 May 2024 06:23:36 +0000. Datasource DataSourceNoCloud [seed=/dev/sdb][dsmode=net].  Up 18.09 seconds
[[0;32m  OK  [0m] Started Execute cloud user/final scripts.
[[0;32m  OK  [0m] Reached target Cloud-init target.

Ubuntu 16.04.7 LTS ubuntu-xenial ttyS0

ubuntu-xenial login: 